****************************************
Report : design
Design : FIFO
Version: U-2022.12-SP5
Date   : Wed Dec  4 15:13:18 2024
****************************************

Design Attribute                         Value
---------------------------------------------------------------------------
Operating Conditions:
  analysis_type                          on_chip_variation
  operating_condition_min_name           tt_1p2v_25c
  process_min                            1
  temperature_min                        25
  voltage_min                            1.2
  tree_type_min                          balanced_case

  operating_condition_max_name           tt_1p2v_25c
  process_max                            1
  temperature_max                        25
  voltage_max                            1.2
  tree_type_max                          balanced_case

Wire Load:                               (use report_wire_load for more information)
  wire_load_mode                         top
  wire_load_model_max                    --
  wire_load_model_min                    --
  wire_load_selection_group_max          --
  wire_load_selection_group_min          --
  wire_load_min_block_size               0

Design Rules:
  max_capacitance                        --
  min_capacitance                        --
  max_fanout                             --
  max_transition                         --
  static_integrity                       --
  dynamic_integrity                      --
  max_coupled_transition                 --
  max_area                               --

Timing Ranges:
  early_factor                           --
  late_factor                            --

Pin Input Delays:
None specified.

Pin Output Delays:
None specified.
Fast Analysis:                           disabled

1
****************************************
Report : reference
Design : FIFO
Version: U-2022.12-SP5
Date   : Wed Dec  4 15:13:18 2024
****************************************


Attributes:
    b - black-box (unknown)
    h - hierarchical
    n - noncombinational
    u - contains unmapped logic
    A - abstracted timing model
    E - extracted timing model
    S - Stamp timing model
    Q - Quick timing model (QTM)

Reference          Library       Unit Area   Count    Total Area   Attributes
--------------------------------------------------------------------------------
AO22XLTS           scx3_cmos8rf_lpvt_tt_1p2v_25c
                                   10.08     64        645.12      
AOI21X1TS          scx3_cmos8rf_lpvt_tt_1p2v_25c
                                    7.20     1           7.20      
AOI22X1TS          scx3_cmos8rf_lpvt_tt_1p2v_25c
                                    8.64     32        276.48      
AOI2BB2XLTS        scx3_cmos8rf_lpvt_tt_1p2v_25c
                                   10.08     1          10.08      
AOI32X1TS          scx3_cmos8rf_lpvt_tt_1p2v_25c
                                   10.08     1          10.08      
CLKBUFX2TS         scx3_cmos8rf_lpvt_tt_1p2v_25c
                                    5.76     26        149.76      
DFFRX2TS           scx3_cmos8rf_lpvt_tt_1p2v_25c
                                   33.12     2          66.24      n
DFFRXLTS           scx3_cmos8rf_lpvt_tt_1p2v_25c
                                   33.12     69       2285.28      n
INVX2TS            scx3_cmos8rf_lpvt_tt_1p2v_25c
                                    4.32     92        397.44      
NAND2BXLTS         scx3_cmos8rf_lpvt_tt_1p2v_25c
                                    7.20     1           7.20      
NAND2X1TS          scx3_cmos8rf_lpvt_tt_1p2v_25c
                                    5.76     18        103.68      
NAND3BXLTS         scx3_cmos8rf_lpvt_tt_1p2v_25c
                                    8.64     1           8.64      
NAND3XLTS          scx3_cmos8rf_lpvt_tt_1p2v_25c
                                    7.20     1           7.20      
NOR2BX1TS          scx3_cmos8rf_lpvt_tt_1p2v_25c
                                    7.20     1           7.20      
NOR2XLTS           scx3_cmos8rf_lpvt_tt_1p2v_25c
                                    5.76     1           5.76      
NOR3BX1TS          scx3_cmos8rf_lpvt_tt_1p2v_25c
                                    8.64     1           8.64      
NOR3XLTS           scx3_cmos8rf_lpvt_tt_1p2v_25c
                                    7.20     3          21.60      
OA21XLTS           scx3_cmos8rf_lpvt_tt_1p2v_25c
                                    8.64     1           8.64      
OR2X1TS            scx3_cmos8rf_lpvt_tt_1p2v_25c
                                    7.20     5          36.00      
XNOR2X1TS          scx3_cmos8rf_lpvt_tt_1p2v_25c
                                   11.52     3          34.56      
--------------------------------------------------------------------------------
Total 20 references                                   4096.80
1
****************************************
Report : constraint
Design : FIFO
Version: U-2022.12-SP5
Date   : Wed Dec  4 15:13:18 2024
****************************************

                                                   Weighted
    Group (max_delay/setup)      Cost     Weight     Cost
    -----------------------------------------------------
    clk_rd                       0.00      1.00      0.00
    clk_wr                       0.00      1.00      0.00
    -----------------------------------------------------
    max_delay/setup                                  0.00

                                                   Weighted
    Group (min_delay/hold)       Cost     Weight     Cost
    -----------------------------------------------------
    clk_rd                       0.00      1.00      0.00
    clk_wr                       0.00      1.00      0.00
    -----------------------------------------------------
    min_delay/hold                                   0.00

    Constraint                                       Cost
    -----------------------------------------------------
    max_delay/setup                                  0.00  (MET)
    min_delay/hold                                   0.00  (MET)
    recovery                                         0.00  (MET)
    removal                                          0.00  (MET)
    sequential_clock_pulse_width                     0.00  (MET)
    sequential_clock_min_period                      0.00  (MET)
    max_capacitance                                  0.00  (MET)
    max_transition                                   0.00  (MET)

1
****************************************
Report : constraint
	-all_violators
	-path slack_only
Design : FIFO
Version: U-2022.12-SP5
Date   : Wed Dec  4 15:13:18 2024
****************************************






1
****************************************
Report : timing
	-path_type full
	-delay_type min_max
	-max_paths 1
	-sort_by slack
Design : FIFO
Version: U-2022.12-SP5
Date   : Wed Dec  4 15:13:18 2024
****************************************


  Startpoint: rd_en (input port clocked by clk_rd)
  Endpoint: rd_ptr_reg_0_
               (rising edge-triggered flip-flop clocked by clk_rd)
  Path Group: clk_rd
  Path Type: min

  Point                                    Incr       Path
  ---------------------------------------------------------------
  clock clk_rd (rise edge)               0.0000     0.0000
  clock network delay (ideal)            0.0000     0.0000
  input external delay                   0.1000     0.1000 f
  rd_en (in)                             0.0240     0.1240 f
  U397/Y (NAND2BXLTS)                    0.1273     0.2512 r
  U398/Y (XNOR2X1TS)                     0.1536     0.4048 f
  rd_ptr_reg_0_/D (DFFRX2TS)             0.0000     0.4048 f
  data arrival time                                 0.4048

  clock clk_rd (rise edge)               0.0000     0.0000
  clock network delay (ideal)            0.0000     0.0000
  clock reconvergence pessimism          0.0000     0.0000
  rd_ptr_reg_0_/CK (DFFRX2TS)                       0.0000 r
  library hold time                      0.0108     0.0108
  data required time                                0.0108
  ---------------------------------------------------------------
  data required time                                0.0108
  data arrival time                                -0.4048
  ---------------------------------------------------------------
  slack (MET)                                       0.3940



  Startpoint: wr_en (input port clocked by clk_rd)
  Endpoint: FIFO_MEM_reg_0__1_
               (rising edge-triggered flip-flop clocked by clk_wr)
  Path Group: clk_wr
  Path Type: max

  Point                                                   Incr       Path
  ------------------------------------------------------------------------------
  clock clk_rd (rise edge)                            99000.0000 99000.0000
  clock network delay (ideal)                           0.0000   99000.0000
  input external delay                                  0.1000   99000.1016 r
  wr_en (in)                                            0.0424   99000.1406 r
  U219/Y (INVX2TS)                                      0.0865   99000.2266 f
  U220/Y (INVX2TS)                                      0.0759   99000.3047 r
  U321/Y (NOR2BX1TS)                                    0.3159   99000.6172 r
  U326/Y (INVX2TS)                                      0.1483   99000.7656 f
  U327/Y (NOR3XLTS)                                     0.4863   99001.2578 r
  U172/Y (INVX2TS)                                      0.2885   99001.5469 f
  U173/Y (INVX2TS)                                      0.1244   99001.6719 r
  U151/Y (INVX2TS)                                      0.0907   99001.7578 f
  U152/Y (INVX2TS)                                      0.0834   99001.8438 r
  U229/Y (CLKBUFX2TS)                                   0.2016   99002.0469 r
  U232/Y (INVX2TS)                                      0.0871   99002.1328 f
  U343/Y (AO22XLTS)                                     0.4481   99002.5781 f
  FIFO_MEM_reg_0__1_/D (DFFRXLTS)                       0.0000   99002.5781 f
  data arrival time                                              99002.5781

  clock clk_wr (rise edge)                            100000.0000
                                                                 100000.0000
  clock network delay (ideal)                           0.0000   100000.0000
  clock reconvergence pessimism                         0.0000   100000.0000
  FIFO_MEM_reg_0__1_/CK (DFFRXLTS)                               100000.0000 r
  library setup time                                   -0.3618   99999.6406
  data required time                                             99999.6406
  ------------------------------------------------------------------------------
  data required time                                             99999.6406
  data arrival time                                              -99002.5781
  ------------------------------------------------------------------------------
  slack (MET)                                                    997.0592


1
****************************************
Report : Switching Activity
	
Design : FIFO
Version: U-2022.12-SP5
Date   : Wed Dec  4 15:13:18 2024
****************************************

 Switching Activity Overview Statistics for "FIFO"
----------------------------------------------------------------------------------------------------------------------------------------------------------------------------------------------
                  From Activity     From         From         From             From            From                                                            Not
Object Type       File (%)          SSA (%)      SSA Force (%) SSA Force (%)   SCA (%)         Clock (%)       Default (%)     Propagated(%)   Implied(%)      Annotated(%)  Total
                                                 Annotated    Implied                                                                                                        
----------------------------------------------------------------------------------------------------------------------------------------------------------------------------------------------
 Nets             350(100.00%)      0(0.00%)     0(0.00%)     0(0.00%)         0(0.00%)        0(0.00%)        0(0.00%)        0(0.00%)        0(0.00%)        0(0.00%)      350
----------------------------------------------------------------------------------------------------------------------------------------------------------------------------------------------
Nets Driven by
----------------------------------------------------------------------------------------------------------------------------------------------------------------------------------------------
Primary Input     21(100.00%)       0(0.00%)     0(0.00%)     0(0.00%)         0(0.00%)        0(0.00%)        0(0.00%)        0(0.00%)        0(0.00%)        0(0.00%)      21
Tri-State         0(0%)             0(0%)        0(0%)        0(0%)            0(0%)           0(0%)           0(0%)           0(0%)           0(0%)           0(0%)         0
Black Box         0(0%)             0(0%)        0(0%)        0(0%)            0(0%)           0(0%)           0(0%)           0(0%)           0(0%)           0(0%)         0
Sequential        76(100.00%)       0(0.00%)     0(0.00%)     0(0.00%)         0(0.00%)        0(0.00%)        0(0.00%)        0(0.00%)        0(0.00%)        0(0.00%)      76
Combinational     253(100.00%)      0(0.00%)     0(0.00%)     0(0.00%)         0(0.00%)        0(0.00%)        0(0.00%)        0(0.00%)        0(0.00%)        0(0.00%)      253
Memory            0(0%)             0(0%)        0(0%)        0(0%)            0(0%)           0(0%)           0(0%)           0(0%)           0(0%)           0(0%)         0
Clock Gate        0(0%)             0(0%)        0(0%)        0(0%)            0(0%)           0(0%)           0(0%)           0(0%)           0(0%)           0(0%)         0
----------------------------------------------------------------------------------------------------------------------------------------------------------------------------------------------
 Static Probability Overview Statistics for "FIFO"
----------------------------------------------------------------------------------------------------------------------------------------------------------------------------------------------
                  From Activity     From         From         From             From            From                                                            Not
Object Type       File (%)          SSA (%)      SSA Force (%) SSA Force (%)   SCA (%)         Clock (%)       Default (%)     Propagated(%)   Implied(%)      Annotated(%)  Total
                                                 Annotated    Implied                                                                                                        
----------------------------------------------------------------------------------------------------------------------------------------------------------------------------------------------
 Nets             350(100.00%)      0(0.00%)     0(0.00%)     0(0.00%)         0(0.00%)        0(0.00%)        0(0.00%)        0(0.00%)        0(0.00%)        0(0.00%)      350
----------------------------------------------------------------------------------------------------------------------------------------------------------------------------------------------
Nets Driven by
----------------------------------------------------------------------------------------------------------------------------------------------------------------------------------------------
Primary Input     21(100.00%)       0(0.00%)     0(0.00%)     0(0.00%)         0(0.00%)        0(0.00%)        0(0.00%)        0(0.00%)        0(0.00%)        0(0.00%)      21
Tri-State         0(0%)             0(0%)        0(0%)        0(0%)            0(0%)           0(0%)           0(0%)           0(0%)           0(0%)           0(0%)         0
Black Box         0(0%)             0(0%)        0(0%)        0(0%)            0(0%)           0(0%)           0(0%)           0(0%)           0(0%)           0(0%)         0
Sequential        76(100.00%)       0(0.00%)     0(0.00%)     0(0.00%)         0(0.00%)        0(0.00%)        0(0.00%)        0(0.00%)        0(0.00%)        0(0.00%)      76
Combinational     253(100.00%)      0(0.00%)     0(0.00%)     0(0.00%)         0(0.00%)        0(0.00%)        0(0.00%)        0(0.00%)        0(0.00%)        0(0.00%)      253
Memory            0(0%)             0(0%)        0(0%)        0(0%)            0(0%)           0(0%)           0(0%)           0(0%)           0(0%)           0(0%)         0
Clock Gate        0(0%)             0(0%)        0(0%)        0(0%)            0(0%)           0(0%)           0(0%)           0(0%)           0(0%)           0(0%)         0
----------------------------------------------------------------------------------------------------------------------------------------------------------------------------------------------
1
****************************************
Report : Switching Activity
	-list_not_annotated
Design : FIFO
Version: U-2022.12-SP5
Date   : Wed Dec  4 15:13:18 2024
****************************************

 Switching Activity Overview Statistics for "FIFO"
----------------------------------------------------------------------------------------------------------------------------------------------------------------------------------------------
                  From Activity     From         From         From             From            From                                                            Not
Object Type       File (%)          SSA (%)      SSA Force (%) SSA Force (%)   SCA (%)         Clock (%)       Default (%)     Propagated(%)   Implied(%)      Annotated(%)  Total
                                                 Annotated    Implied                                                                                                        
----------------------------------------------------------------------------------------------------------------------------------------------------------------------------------------------
 Nets             350(100.00%)      0(0.00%)     0(0.00%)     0(0.00%)         0(0.00%)        0(0.00%)        0(0.00%)        0(0.00%)        0(0.00%)        0(0.00%)      350
----------------------------------------------------------------------------------------------------------------------------------------------------------------------------------------------
Nets Driven by
----------------------------------------------------------------------------------------------------------------------------------------------------------------------------------------------
Primary Input     21(100.00%)       0(0.00%)     0(0.00%)     0(0.00%)         0(0.00%)        0(0.00%)        0(0.00%)        0(0.00%)        0(0.00%)        0(0.00%)      21
Tri-State         0(0%)             0(0%)        0(0%)        0(0%)            0(0%)           0(0%)           0(0%)           0(0%)           0(0%)           0(0%)         0
Black Box         0(0%)             0(0%)        0(0%)        0(0%)            0(0%)           0(0%)           0(0%)           0(0%)           0(0%)           0(0%)         0
Sequential        76(100.00%)       0(0.00%)     0(0.00%)     0(0.00%)         0(0.00%)        0(0.00%)        0(0.00%)        0(0.00%)        0(0.00%)        0(0.00%)      76
Combinational     253(100.00%)      0(0.00%)     0(0.00%)     0(0.00%)         0(0.00%)        0(0.00%)        0(0.00%)        0(0.00%)        0(0.00%)        0(0.00%)      253
Memory            0(0%)             0(0%)        0(0%)        0(0%)            0(0%)           0(0%)           0(0%)           0(0%)           0(0%)           0(0%)         0
Clock Gate        0(0%)             0(0%)        0(0%)        0(0%)            0(0%)           0(0%)           0(0%)           0(0%)           0(0%)           0(0%)         0
----------------------------------------------------------------------------------------------------------------------------------------------------------------------------------------------
 Static Probability Overview Statistics for "FIFO"
----------------------------------------------------------------------------------------------------------------------------------------------------------------------------------------------
                  From Activity     From         From         From             From            From                                                            Not
Object Type       File (%)          SSA (%)      SSA Force (%) SSA Force (%)   SCA (%)         Clock (%)       Default (%)     Propagated(%)   Implied(%)      Annotated(%)  Total
                                                 Annotated    Implied                                                                                                        
----------------------------------------------------------------------------------------------------------------------------------------------------------------------------------------------
 Nets             350(100.00%)      0(0.00%)     0(0.00%)     0(0.00%)         0(0.00%)        0(0.00%)        0(0.00%)        0(0.00%)        0(0.00%)        0(0.00%)      350
----------------------------------------------------------------------------------------------------------------------------------------------------------------------------------------------
Nets Driven by
----------------------------------------------------------------------------------------------------------------------------------------------------------------------------------------------
Primary Input     21(100.00%)       0(0.00%)     0(0.00%)     0(0.00%)         0(0.00%)        0(0.00%)        0(0.00%)        0(0.00%)        0(0.00%)        0(0.00%)      21
Tri-State         0(0%)             0(0%)        0(0%)        0(0%)            0(0%)           0(0%)           0(0%)           0(0%)           0(0%)           0(0%)         0
Black Box         0(0%)             0(0%)        0(0%)        0(0%)            0(0%)           0(0%)           0(0%)           0(0%)           0(0%)           0(0%)         0
Sequential        76(100.00%)       0(0.00%)     0(0.00%)     0(0.00%)         0(0.00%)        0(0.00%)        0(0.00%)        0(0.00%)        0(0.00%)        0(0.00%)      76
Combinational     253(100.00%)      0(0.00%)     0(0.00%)     0(0.00%)         0(0.00%)        0(0.00%)        0(0.00%)        0(0.00%)        0(0.00%)        0(0.00%)      253
Memory            0(0%)             0(0%)        0(0%)        0(0%)            0(0%)           0(0%)           0(0%)           0(0%)           0(0%)           0(0%)         0
Clock Gate        0(0%)             0(0%)        0(0%)        0(0%)            0(0%)           0(0%)           0(0%)           0(0%)           0(0%)           0(0%)         0
----------------------------------------------------------------------------------------------------------------------------------------------------------------------------------------------


List of nonannotated nets :
1
****************************************
Report : Time Based Power
Design : FIFO
Version: U-2022.12-SP5
Date   : Wed Dec  4 15:13:18 2024
****************************************



  Attributes
  ----------
      i  -  Including register clock pin internal power
      u  -  User defined power group

                        Internal  Switching  Leakage    Total
Power Group             Power     Power      Power      Power   (     %)  Attrs
--------------------------------------------------------------------------------
clock_network           5.776e-08    0.0000    0.0000 5.776e-08 (25.09%)  i
register                4.691e-08 7.461e-09 2.642e-09 5.701e-08 (24.77%)  
combinational           4.582e-08 6.805e-08 1.575e-09 1.154e-07 (50.15%)  
sequential                 0.0000    0.0000    0.0000    0.0000 ( 0.00%)  
memory                     0.0000    0.0000    0.0000    0.0000 ( 0.00%)  
io_pad                     0.0000    0.0000    0.0000    0.0000 ( 0.00%)  
black_box                  0.0000    0.0000    0.0000    0.0000 ( 0.00%)  

  Net Switching Power  = 7.551e-08   (32.80%)
  Cell Internal Power  = 1.505e-07   (65.37%)
  Cell Leakage Power   = 4.217e-09   ( 1.83%)
                         ---------
Total Power            = 2.302e-07  (100.00%)

X Transition Power     =    0.0000
Glitching Power        =    0.0000

Peak Power             = 4.485e-03
Peak Time              = 400000.000

1
****************************************
Report : Time Based Power
	-hierarchy
Design : FIFO
Version: U-2022.12-SP5
Date   : Wed Dec  4 15:13:18 2024
****************************************



                                      Int      Switch   Leak     Total
Hierarchy                             Power    Power    Power    Power    %
----------------------------------------------------------------------------------
FIFO                                  1.50e-07 7.55e-08 4.22e-09 2.30e-07 100.0


                                      Peak     Peak            Glitch   X-tran
Hierarchy                             Power    Time            Power    Power
--------------------------------------------------------------------------------
FIFO                                  4.49e-03 400000.000-400000.001
                                                                  0.000    0.000
1
